[templates/daspos-protostar-collapse/favicon.ico]
[media/jui/js/jquery.min1d72.js]
[media/jui/js/jquery-noconflict1d72.js]
[media/jui/js/jquery-migrate.min1d72.js]
[media/system/js/caption1d72.js]
[media/jui/js/bootstrap.min1d72.js]
[templates/daspos-protostar-collapse/js/template.js]
[images/daspos/daspos_banner.png]
[images/daspos/daspos_banner_phone.png]
[images/daspos/quote_detail_corner.png]
[images/daspos/quote_detail_right.png]
[images/daspos/arrow_detail.png]
[index-2.html]
[media/jui/fonts/IcoMoon.eot]
[media/jui/fonts/IcoMoon.woff]
[media/jui/fonts/IcoMoond41d.eot]
[media/jui/fonts/IcoMoon.ttf]
[templates/daspos-protostar-collapse/css/template.css]
[images/daspos/daspos_footer.png]
[index.php/about.html]
[images/people/hildreth.jpg]
[images/people/thain.jpg]
[images/people/jarek.jpg]
[images/people/gardner.jpg]
[images/people/neubauer.jpg]
[index.php/people.html]
[index.php/workshops.html]
[index.php/research.html]
[images/reports/tauroast-casestudy-jpcs2015.pdf]
[images/reports/techniques-ipres-2015.pdf]
[images/reports/invariant-jocs-2015.pdf]
[images/reports/umbrella-vtdc15.pdf]
[images/reports/DASPOS_Technical_Report_1.pdf]
[images/reports/DASPOS_Technical_Report_2.pdf]
[images/reports/DASPOS_Workshop1_Report.pdf]
[images/reports/DASPOS_Workshop2_Report.pdf]
[index.php/reports.html]
[images/workshops/workshop_six/documents/Workshop-Reception-Location.pdf]
[images/workshops/workshop_six/presentations/JarekDockerWorkshop.pdf]
[images/workshops/workshop_six/presentations/what-is-it-we-want-in-containers-anyways.pdf]
[images/workshops/workshop_six/presentations/DASPOS2016a.pdf]
[images/workshops/workshop_six/presentations/containers-2016.pdf]
[images/workshops/workshop_six/presentations/SmartContainers_JSweet.pdf]
[images/workshops/workshop_six/presentations/LDV_TMalik.pdf]
[index.php/workshops/container-strategies-for-data-software-preservation-that-promote-open-science.html]
[index.php/daspos-noticesc0d0]
[index.php/daspos-notices7b17]
[images/daspos/daspos_logo_plain.png]
[index.php/daspos-notices.html]
[media/jui/fonts/IcoMoon.svg]
[images/mpsod-visual-id/mpsopendata_logo_full.html]
[index.php/about/goal-scope.html]
[index.php/about/dev-plan.html]
[index.php/about/groups.html]
[index.php/about/datapres-hep.html]
[index.php/about/partners.html]
[images/daspos/for_download/daspos_logo_md.png]
[images/daspos/for_download/eps.zip]
[images/daspos/for_download/pdf.zip]
[images/daspos/for_download/png.zip]
[index.php/about/daspos-logo.html]
[index.php/research/data-query-models.html]
[index.php/research/software-sustainability-models.html]
[index.php/research/curation-challenge.html]
[images/people/sp/bauerdick.jpg]
[images/people/sp/blair.jpg]
[images/people/sp/bloom.jpg]
[images/people/sp/cranmer.jpg]
[images/people/sp/ernst.jpg]
[images/people/sp/fary.jpg]
[images/people/sp/gesing.jpg]
[images/people/sp/grossman.jpg]
[images/people/sp/johnson.jpg]
[images/people/sp/meyers.jpg]
[images/people/sp/pordes.jpg]
[images/people/sp/kennedy.jpg]
[images/people/sp/vardeman.jpg]
[index.php/people/senior-personnel.html]
[index.php/people/outside-experts.html]
[images/people/sp/watts.jpg]
[images/workshops/workshop_one/presentation_slides/ALICE_Analysis.pdf]
[images/workshops/workshop_one/presentation_slides/ALICE_public_data_outreach_web.pdf]
[images/workshops/workshop_one/presentation_slides/Archival_Storage.pdf]
[images/workshops/workshop_one/presentation_slides/ATLAS_Analysis.pdf]
[images/workshops/workshop_one/presentation_slides/ATLAS_Public_Data_Outreach_web_Part1.pdf]
[images/workshops/workshop_one/presentation_slides/ATLAS_Public_Data_Outreach_web_Part2.pdf]
[images/workshops/workshop_one/presentation_slides/Babar_Analysis.pdf]
[images/workshops/workshop_one/presentation_slides/CASTOR_Overview.pdf]
[images/workshops/workshop_one/presentation_slides/CMS_Analysis_Workflow.pdf]
[images/workshops/workshop_one/presentation_slides/CMS_Public_data_outreach.pdf]
[images/workshops/workshop_one/presentation_slides/DASPOS_Introduction.pdf]
[images/workshops/workshop_one/presentation_slides/Mike_DASPOS_Morning_Session.pdf]
[images/workshops/workshop_one/presentation_slides/LHCb_Analysis.pdf]
[images/workshops/workshop_one/presentation_slides/Finland_CMS_Public_Outreach.pdf]
[images/workshops/workshop_one/presentation_slides/HepData_Overview.pdf]
[images/workshops/workshop_one/presentation_slides/Mike_DASPOS_Introduction.pdf]
[images/workshops/workshop_one/presentation_slides/Invenio_web.pdf]
[images/workshops/workshop_one/presentation_slides/LHCb_public_data_outreach.pdf]
[images/workshops/workshop_one/presentation_slides/Les_Houches_Outreach_Public_Data_Common_Group_web_Part1.pdf]
[images/workshops/workshop_one/presentation_slides/Les_Houches_Outreach_Public_Data_Common_Group_web_Part2.pdf]
[images/workshops/workshop_one/presentation_slides/Cern_VM_Overview.pdf]
[images/workshops/workshop_one/presentation_slides/LEP_Data_Preservation.pdf]
[images/workshops/workshop_one/presentation_slides/Rivet_overview.pdf]
[images/workshops/workshop_one/presentation_slides/SciencePAD.pdf]
[images/workshops/workshop_one/presentation_slides/SLAC_Data_Preservation_Followup_web_Part1.pdf]
[images/workshops/workshop_one/presentation_slides/SLAC_Data_Preservation_Followup_web_Part2.pdf]
[images/workshops/workshop_one/presentation_slides/Tevatron_Analysis_web.pdf]
[images/workshops/workshop_one/presentation_slides/Tevatron_Preservation_web.pdf]
[index.php/workshops/workshop-1.html]
[images/workshops/workshop_two/documents/DASPOS_AGENDA.pdf]
[images/workshops/workshop_two/panelists/george_strawn.jpg]
[images/workshops/workshop_two/presentations/DASPOS_Strawn.pdf]
[images/workshops/workshop_two/panelists/reagan_moore.jpg]
[images/workshops/workshop_two/presentations/DASPOS_Moore.pdf]
[images/workshops/workshop_two/panelists/chris_mattmann.jpg]
[images/workshops/workshop_two/presentations/DASPOS_Mattmann.pdf]
[images/workshops/workshop_two/panelists/matt_mayernik.jpg]
[images/workshops/workshop_two/presentations/DASPOS_Mayernik.pdf]
[images/workshops/workshop_two/panelists/michael_witt.jpg]
[images/workshops/workshop_two/presentations/DASPOS_Witt.pdf]
[images/workshops/workshop_two/panelists/micah_altman.jpg]
[images/workshops/workshop_two/panelists/clifford_lynch.jpg]
[images/workshops/workshop_two/presentations/DASPOS_Petravick.pdf]
[images/workshops/workshop_two/panelists/line_pouchard.jpg]
[index.php/workshops/workshop-2.html]
[index.php/workshops/workshop-3.html]
[index.php/workshops/workshop-4.html]
[index.php/workshops/workshop-5.html]
[index.php/workshops/workshop-6.html]
[index.php/reports/technical-report-1.html]
[index.php/reports/technical-report-2.html]
[index.php/reports/workshop-1-report.html]
[index.php/reports/workshop-2-report.html]
[index.php/indexd2ed.html]
[images/workshops/workshop_six/people_images/robg.jpg]
[images/workshops/workshop_six/people_images/jarekn.jpg]
[images/workshops/workshop_six/people_images/dthain.jpg]
[images/workshops/workshop_six/people_images/vbatts_web.jpg]
[images/workshops/workshop_six/people_images/rafael-2016-square-300.png]
[images/workshops/workshop_six/people_images/ehazlett_web.jpg]
[images/workshops/workshop_six/people_images/lheinrich_web.jpg]
[images/workshops/workshop_six/people_images/dhuo_web.jpg]
[images/workshops/workshop_six/people_images/rjohns.jpg]
[images/workshops/workshop_six/people_images/chudson_web.jpg]
[images/workshops/workshop_six/people_images/MaciejM.jpg]
[images/workshops/workshop_six/people_images/tmalik.jpg]
[images/workshops/workshop_six/people_images/kmchenry.jpg]
[images/workshops/workshop_six/people_images/emetsger_web.jpg]
[images/workshops/workshop_six/people_images/nmeyers_web.jpg]
[images/workshops/workshop_six/people_images/dnuest_web.jpg]
[images/workshops/workshop_six/people_images/vsteeves_web.jpg]
[images/workshops/workshop_six/people_images/rrampin.jpg]
[images/workshops/workshop_six/people_images/jsweet.jpg]
[images/workshops/workshop_six/people_images/Jian_Tao.jpg]
[images/workshops/workshop_six/people_images/iantaylor.jpg]
[images/workshops/workshop_six/people_images/avyushkov.jpg]
[images/workshops/workshop_six/people_images/dwilki.png]
[index.php/14-daspos/workshops/55-workshop-7speak.html]
[images/workshops/workshop_six/presentations/JarekDockerWorkshop.pdf]
[images/workshops/workshop_six/presentations/what-is-it-we-want-in-containers-anyways.pdf]
[images/workshops/workshop_six/presentations/DASPOS2016a.pdf]
[images/workshops/workshop_six/presentations/SmartContainers_JSweet.pdf]
[index.php/about/groups/audit-group.html]
[images/workshops/workshop_one/presentation_slides/ATLAS_Analysis.pdf]
[images/workshops/workshop_one/presentation_slides/ATLAS_Public_Data_Outreach_web_Part1.pdf]
[images/workshops/workshop_one/presentation_slides/Babar_Analysis.pdf]
[images/workshops/workshop_one/presentation_slides/CMS_Analysis_Workflow.pdf]
[images/workshops/workshop_one/presentation_slides/DESY_Preservation.html]
[images/workshops/workshop_one/presentation_slides/HepData_Overview.pdf]
[images/workshops/workshop_one/presentation_slides/Tevatron_Preservation_web.pdf]
[images/workshops/workshop_two/documents/DASPOS Workshop 2_Round Table Discussion Notes.html]
[“http_/irods.diceresearch.html]
[_http_/dbpedia.org/ontology/Software'.html]
[images/workshops/workshop_six/presentations/JarekDockerWorkshop.pdf]
[images/workshops/workshop_six/presentations/DASPOS2016a.pdf]
